// Jest Snapshot v1, https://goo.gl/fbAQLP

exports[`Nav component matches snapshot 1`] = `
<DocumentFragment>
  <header
    class="my-5"
  >
    <h2>
      <a
        data-testid="link"
        href="/"
      >
        <span
          aria-label="camera"
          role="img"
        >
           ðŸ“¸
        </span>
         Oh Snap!
      </a>
    </h2>
    <nav>
      <ul
        class="flex-row"
      >
        <li
          class="mx-2"
        >
          <a
            data-testid="about"
            href="#about"
          >
            About Me
          </a>
        </li>
        <li
          class="mx-1"
        >
          <a
            href="#gallery"
          >
            gallery
          </a>
        </li>
        <li
          class="mx-1"
        >
          <span>
            contact
          </span>
        </li>
        <li
          class="mx-1"
        >
          <span>
            Commercial
          </span>
        </li>
        <li
          class="mx-1"
        >
          <span>
            Portraits
          </span>
        </li>
        <li
          class="mx-1"
        >
          <span>
            Food
          </span>
        </li>
        <li
          class="mx-1"
        >
          <span>
            Landscape
          </span>
        </li>
      </ul>
    </nav>
  </header>
</DocumentFragment>
`;
